// Jest Snapshot v1, https://goo.gl/fbAQLP

exports[`<withRedux /> tests Mount component wirh Redux Store 1`] = `
<withRedux(Test)>
  <Provider
    store={
      Object {
        "dispatch": [Function],
        "getState": [Function],
        "replaceReducer": [Function],
        "subscribe": [Function],
        Symbol(observable): [Function],
      }
    }
  >
    <Test>
      <div>
        Test
      </div>
    </Test>
  </Provider>
</withRedux(Test)>
`;
